// Jest Snapshot v1, https://goo.gl/fbAQLP

exports[`Home Page renders the hotel list after loading 1`] = `
<div>
  <div
    class="min-h-screen"
  >
    <header
      class="bg-white shadow-sm"
    >
      <div
        class="container mx-auto px-4 py-4"
      >
        <img
          alt="Qantas Logo"
          class="h-8 w-auto"
          height="30"
          src="/qantas-logo.png"
          width="120"
        />
      </div>
    </header>
    <main
      class="container mx-auto px-4 py-6"
    >
      <div
        data-testid="hotel-list"
      >
        1
         hotels
      </div>
    </main>
    <footer
      class="mt-12 border-t border-gray-200 bg-gray-100 py-8"
    >
      <div
        class="container mx-auto px-4 text-center text-sm text-gray-600"
      >
        <p>
          Â© 
          2025
           Qantas Airways Limited ABN
        </p>
      </div>
    </footer>
  </div>
</div>
`;
